GDB: no debug ports present
KDB: debugger backends: ddb
KDB: current backend: ddb
---<<BOOT>>---
Copyright (c) 1992-2020 The FreeBSD Project.
Copyright (c) 1979, 1980, 1983, 1986, 1988, 1989, 1991, 1992, 1993, 1994
	The Regents of the University of California. All rights reserved.
FreeBSD is a registered trademark of The FreeBSD Foundation.
FreeBSD 13.0-CURRENT #0 r363681: Thu Jul 30 05:38:25 UTC 2020
    root@releng1.nyi.freebsd.org:/usr/obj/usr/src/amd64.amd64/sys/GENERIC amd64
FreeBSD clang version 10.0.1 (git@github.com:llvm/llvm-project.git llvmorg-10.0.1-0-gef32c611aa2)
WARNING: WITNESS option enabled, expect reduced performance.
VT: init without driver.
CPU: Intel(R) Core(TM) i3-6006U CPU @ 2.00GHz (2210.87-MHz K8-class CPU)
  Origin="GenuineIntel"  Id=0x406e3  Family=0x6  Model=0x4e  Stepping=3
  Features=0x9f83fbff<FPU,VME,DE,PSE,TSC,MSR,PAE,MCE,CX8,APIC,SEP,MTRR,PGE,MCA,CMOV,PAT,PSE36,MMX,FXSR,SSE,SSE2,SS,HTT,PBE>
  Features2=0xfeda7a17<SSE3,PCLMULQDQ,DTES64,DS_CPL,SSSE3,SDBG,FMA,CX16,xTPR,PCID,SSE4.1,SSE4.2,MOVBE,POPCNT,AESNI,XSAVE,OSXSAVE,AVX,F16C,RDRAND,HV>
  AMD Features=0x24100800<SYSCALL,NX,Page1GB,LM>
  AMD Features2=0x121<LAHF,ABM,Prefetch>
  Structured Extended Features=0x40729<FSGSBASE,BMI1,AVX2,BMI2,ERMS,INVPCID,RDSEED>
  XSAVE Features=0x1<XSAVEOPT>
  TSC: P-state invariant
Hypervisor: Origin = "bhyve bhyve "
real memory  = 1073741824 (1024 MB)
avail memory = 1000165376 (953 MB)
Event timer "LAPIC" quality 600
ACPI APIC Table: <BHYVE  BVMADT  >
FreeBSD/SMP: Multiprocessor System Detected: 2 CPUs
FreeBSD/SMP: 2 package(s) x 1 core(s)
random: registering fast source Intel Secure Key RNG
random: fast provider: "Intel Secure Key RNG"
random: unblocking device.
ioapic0 <Version 1.1> irqs 0-31
Launching APs: 1
random: entropy device external interface
WARNING: Device "kbd" is Giant locked and may be deleted before FreeBSD 13.0.
kbd1 at kbdmux0
000.000042 [4342] netmap_init               netmap: loaded module
[ath_hal] loaded
nexus0
cryptosoft0: <software crypto>
acpi0: <BHYVE BVXSDT>
acpi0: Power Button (fixed)
atrtc0: <AT realtime clock> port 0x70-0x71 irq 8 on acpi0
atrtc0: registered as a time-of-day clock, resolution 1.000000s
Event timer "RTC" frequency 32768 Hz quality 0
attimer0: <AT timer> port 0x40-0x43 irq 0 on acpi0
Timecounter "i8254" frequency 1193182 Hz quality 0
Event timer "i8254" frequency 1193182 Hz quality 100
hpet0: <High Precision Event Timer> iomem 0xfed00000-0xfed003ff on acpi0
Timecounter "HPET" frequency 16777216 Hz quality 950
Event timer "HPET" frequency 16777216 Hz quality 550
Event timer "HPET1" frequency 16777216 Hz quality 450
Event timer "HPET2" frequency 16777216 Hz quality 450
Event timer "HPET3" frequency 16777216 Hz quality 450
Event timer "HPET4" frequency 16777216 Hz quality 450
Event timer "HPET5" frequency 16777216 Hz quality 450
Event timer "HPET6" frequency 16777216 Hz quality 450
Timecounter "ACPI-fast" frequency 3579545 Hz quality 900
acpi_timer0: <32-bit timer at 3.579545MHz> port 0x408-0x40b on acpi0
pcib0: <ACPI Host-PCI bridge> port 0xcf8-0xcff on acpi0
pcib0: could not evaluate _ADR - AE_NOT_FOUND
pci0: <ACPI PCI bus> on pcib0
isab0: <PCI-ISA bridge> at device 1.0 on pci0
isa0: <ISA bus> on isab0
virtio_pci0: <VirtIO PCI Network adapter> port 0x2000-0x203f mem 0xc0000000-0xc0001fff irq 16 at device 2.0 on pci0
vtnet0: <VirtIO Networking Adapter> on virtio_pci0
vtnet0: Ethernet address: 00:a0:98:a1:9d:24
vtnet0: netmap queues/slots: TX 1/1024, RX 1/512
000.000149 [ 445] vtnet_netmap_attach       vtnet attached txq=1, txd=1024 rxq=1, rxd=512
virtio_pci1: <VirtIO PCI Block adapter> port 0x2040-0x207f mem 0xc0002000-0xc0003fff irq 17 at device 3.0 on pci0
vtblk0: <VirtIO Block Adapter> on virtio_pci1
vtblk0: 16384MB (33554432 512 byte sectors)
vmgenc0: <VM Generation Counter> on acpi0
atkbdc0: <Keyboard controller (i8042)> port 0x60,0x64 irq 1 on acpi0
atkbd0: <AT Keyboard> irq 1 on atkbdc0
kbd0 at atkbd0
atkbd0: [GIANT-LOCKED]
driver bug: Unable to set devclass (class: atkbdc devname: (unknown))
Unhandled ps2 mouse command 0xe1
psm0: <PS/2 Mouse> irq 12 on atkbdc0
psm0: [GIANT-LOCKED]
WARNING: Device "psm" is Giant locked and may be deleted before FreeBSD 13.0.
psm0: model Generic PS/2 mouse, device ID 0
uart0: <16550 or compatible> port 0x3f8-0x3ff irq 4 flags 0x10 on acpi0
uart0: console (9600,n,8,1)
uart1: <16550 or compatible> port 0x2f8-0x2ff irq 3 on acpi0
vga0: <Generic ISA VGA> at port 0x3b0-0x3bb iomem 0xb0000-0xb7fff pnpid PNP0900 on isa0
Timecounters tick every 10.000 msec
Obsolete code will be removed soon: random(9) is the obsolete Park-Miller LCG from 1988
usb_needs_explore_all: no devclass
WARNING: WITNESS option enabled, expect reduced performance.
Trying to mount root from ufs:/dev/gpt/rootfs [rw]...
WARNING: / was not properly dismounted
Setting hostuuid: 80798c8b-d4f7-11ea-a930-00a098a19d24.
Setting hostid: 0xd2866edb.
Starting file system checks:
/dev/gpt/rootfs: UNREF FILE I=820  OWNER=root MODE=100600
/dev/gpt/rootfs: SIZE=0 MTIME=Aug  9 19:21 2020 
 (CLEARED)
/dev/gpt/rootfs: SUMMARY INFORMATION BAD (SALVAGED)
/dev/gpt/rootfs: BLK(S) MISSING IN BIT MAPS (SALVAGED)
/dev/gpt/rootfs: 50262 files, 1025076 used, 2772911 free (7359 frags, 345694 blocks, 0.2% fragmentation)
Mounting local filesystems:.
ELF ldconfig path: /lib /usr/lib /usr/lib/compat /usr/local/lib /usr/local/lib/compat/pkg /usr/local/lib/compat/pkg
32-bit compatibility ldconfig path: /usr/lib32
Setting hostname: freebsd.
Setting up harvesting: VMGENID,PURE_RDRAND,[UMA],[FS_ATIME],SWI,INTERRUPT,NET_NG,[NET_ETHER],NET_TUN,MOUSE,KEYBOARD,ATTACH,CACHED
Feeding entropy: .
lo0: link state changed to UP
Starting Network: lo0 vtnet0.
lo0: flags=8049<UP,LOOPBACK,RUNNING,MULTICAST> metric 0 mtu 16384
	options=680003<RXCSUM,TXCSUM,LINKSTATE,RXCSUM_IPV6,TXCSUM_IPV6>
	inet6 ::1 prefixlen 128
	inet6 fe80::1%lo0 prefixlen 64 scopeid 0x2
	inet 127.0.0.1 netmask 0xff000000
	groups: lo
	nd6 options=21<PERFORMNUD,AUTO_LINKLOCAL>
vtnet0: flags=8922<BROADCAST,PROMISC,SIMPLEX,MULTICAST> metric 0 mtu 1500
	options=80028<VLAN_MTU,JUMBO_MTU,LINKSTATE>
	ether 00:a0:98:a1:9d:24
	media: Ethernet 10Gbase-T <full-duplex>
	status: active
	nd6 options=29<PERFORMNUD,IFDISABLED,AUTO_LINKLOCAL>
Starting devd.
Starting Network: vtnet0.
vtnet0: flags=8922<BROADCAST,PROMISC,SIMPLEX,MULTICAST> metric 0 mtu 1500
	options=80028<VLAN_MTU,JUMBO_MTU,LINKSTATE>
	ether 00:a0:98:a1:9d:24
	media: Ethernet 10Gbase-T <full-duplex>
	status: active
	nd6 options=29<PERFORMNUD,IFDISABLED,AUTO_LINKLOCAL>
add host 127.0.0.1: gateway lo0 fib 0: route already in table
add host ::1: gateway lo0 fib 0: route already in table
add net fe80::: gateway ::1
add net ff02::: gateway ::1
add net ::ffff:0.0.0.0: gateway ::1
add net ::0.0.0.0: gateway ::1
Creating and/or trimming log files.
Starting syslogd.
Aug  9 19:23:15 freebsd savecore[529]: reboot after panic: kdb_sysctl_panic
Writing crash summary to /var/crash/core.txt.0.
Clearing /tmp (X related).
Updating motd:.
Mounting late filesystems:.
Updating /var/run/os-release done.
Starting sendmail_submit.
Starting sendmail_msp_queue.
Starting cron.
Starting background file system checks in 60 seconds.

Sun Aug  9 19:23:16 UTC 2020

FreeBSD/amd64 (freebsd) (ttyu0)

login: root
root
Last login: Sun Aug  9 19:20:45 on ttyu0
Aug  9 19:23:16 freebsd login[687]: ROOT LOGIN (root) ON ttyu0
FreeBSD 13.0-CURRENT (GENERIC) #0 r363681: Thu Jul 30 05:38:25 UTC 2020

Welcome to FreeBSD!

Release Notes, Errata: https://www.FreeBSD.org/releases/
Security Advisories:   https://www.FreeBSD.org/security/
FreeBSD Handbook:      https://www.FreeBSD.org/handbook/
FreeBSD FAQ:           https://www.FreeBSD.org/faq/
Questions List: https://lists.FreeBSD.org/mailman/listinfo/freebsd-questions/
FreeBSD Forums:        https://forums.FreeBSD.org/

Documents installed with the system are in the /usr/local/share/doc/freebsd/
directory, or can be installed later with:  pkg install en-freebsd-doc
For other languages, replace "en" with a language code like de or fr.

Show the version of FreeBSD installed:  freebsd-version ; uname -a
Please include that output and any error messages when posting questions.
Introduction to manual pages:  man man
FreeBSD directory layout:      man hier

Edit /etc/motd.template to change this login announcement.
7[r[999;999H[6n8 resizewin: timeout reading from terminal
root@freebsd:~ #savecore /var/crash /dev/gpt/swapfs
 savecore /var/crash /dev/gpt/swapfs
root@freebsd:~ #decryptcore -p private.pem -k /var/crash/key.0 -e /var/crash/vmcore_encrypted.0 -c /var/crash/vmcore.0
 decryptcore -p private.pem -k /var/crash/key.0 -e /var/crash/vm core_encrypted.0 -c /var/crash/vmcore.0
[ERROR] (decryptcore) Unable to open private.pem: No such file or directory.
root@freebsd:~ #stat /var/crash/vmcore.0
 stat /var/crash/vmcore.0
stat: /var/crash/vmcore.0: stat: No such file or directory
root@freebsd:~ #kgdb /boot/kernel/kernel  /var/crash/vmcore.0
 kgdb /boot/kequit
rnel/kernel  /var/crash/vmcore.0
quit
[35;1m[35;1mGNU gdb [m[35;1m(GDB) [m[35;1m9.2 [GDB v9.2 for FreeBSD][m[35;1m
[m[mCopyright (C) 2020 Free Software Foundation, Inc.
License GPLv3+: GNU GPL version 3 or later <http://gnu.org/licenses/gpl.html>
This is free software: you are free to change and redistribute it.
There is NO WARRANTY, to the extent permitted by law.
Type "show copying" and "show warranty" for details.
This GDB was configured as "x86_64-portbld-freebsd13.0".
Type "show configuration" for configuration details.
For bug reporting instructions, please see:
<http://www.gnu.org/software/gdb/bugs/>.
Find the GDB manual and other documentation resources online at:
    <http://www.gnu.org/software/gdb/documentation/>.

For help, type "help".
Type "apropos word" to search for commands related to "word"...
Reading symbols from [32m/boot/kernel/kernel[m...
Reading symbols from [32m/usr/lib/debug//boot/kernel/kernel.debug[m...
Failed to open vmcore: /var/crash/vmcore.0: No such file or directory
(kgdb) quit
root@freebsd:~ #rm -rf /var/crash/*
 rm -rf /var/crash/*
root@freebsd:~ #poweroff
